\BOOKMARK [0][-]{chapter.1}{\376\377\175\322\212\326}{}% 1
\BOOKMARK [1][-]{section.1.1}{\376\377\200\314\146\157\202\007\122\325\152\137}{chapter.1}% 2
\BOOKMARK [1][-]{section.1.2}{\376\377\172\340\173\300\212\252\146\016}{chapter.1}% 3
\BOOKMARK [0][-]{chapter.2}{\376\377\170\024\172\166\214\307\145\231}{}% 4
\BOOKMARK [1][-]{section.2.1}{\376\377\214\307\145\231\200\314\146\157}{chapter.2}% 5
\BOOKMARK [1][-]{section.2.2}{\376\377\214\307\145\231\122\115\206\125\164\006}{chapter.2}% 6
\BOOKMARK [2][-]{subsection.2.2.1}{\376\377\177\072\131\061\120\074}{section.2.2}% 7
\BOOKMARK [2][-]{subsection.2.2.2}{\376\377\165\160\136\070\120\074}{section.2.2}% 8
\BOOKMARK [2][-]{subsection.2.2.3}{\376\377\230\136\122\045\116\015\136\163\210\141}{section.2.2}% 9
\BOOKMARK [0][-]{chapter.3}{\376\377\170\024\172\166\145\271\154\325}{}% 10
\BOOKMARK [1][-]{section.3.1}{\376\377\155\101\172\013}{chapter.3}% 11
\BOOKMARK [1][-]{section.3.2}{\376\377\122\006\177\244}{chapter.3}% 12
\BOOKMARK [1][-]{section.3.3}{\376\377\236\321\173\261\152\041\127\213}{chapter.3}% 13
\BOOKMARK [1][-]{section.3.4}{\376\377\134\100\220\350\144\376\122\325}{chapter.3}% 14
\BOOKMARK [1][-]{section.3.5}{\376\377\134\100\220\350\152\041\127\213}{chapter.3}% 15
\BOOKMARK [0][-]{chapter.4}{\376\377\175\120\147\234}{}% 16
\BOOKMARK [1][-]{section.4.1}{\376\377\122\006\177\244\175\120\147\234}{chapter.4}% 17
\BOOKMARK [1][-]{section.4.2}{\376\377\236\321\173\261\230\020\156\054}{chapter.4}% 18
\BOOKMARK [1][-]{section.4.3}{\376\377\225\334\223\165\150\110\117\213\122\006\147\220}{chapter.4}% 19
\BOOKMARK [0][-]{chapter.5}{\376\377\175\120\212\326}{}% 20
\BOOKMARK [1][-]{section.5.1}{\376\377\176\075\175\120}{chapter.5}% 21
\BOOKMARK [1][-]{section.5.2}{\376\377\147\052\117\206\135\345\117\134}{chapter.5}% 22
